Microchip MPLAB XC8 Compiler V2.45

Linker command line:

-W-3 \
  --edf=C:\Program Files\Microchip\xc8\v2.45\pic\dat\20230818022343_en.msgs \
  -cn -h+dist/default/production\W4_-_Pot___Rotary_-_kopie.production.sym \
  --cmf=dist/default/production\W4_-_Pot___Rotary_-_kopie.production.cmf -z \
  -Q16F887 -oC:\Users\wesse\AppData\Local\Temp\xcAs2oc.\driver_tmp_3.o \
  --defsym=__MPLAB_BUILD=1 --fixupoverflow=error \
  -Mdist/default/production/W4_-_Pot___Rotary_-_kopie.production.map \
  --md=C:\Users\wesse\AppData\Local\Temp\xcAs2oc.\driver_tmp_0.dat -E1 \
  -ver=XC8 Compiler --acfsm=1493 -ACODE=00h-07FFhx4 -ASTRCODE=00h-01FFFh \
  -ASTRING=00h-0FFhx32 -ACONST=00h-0FFhx32 -AENTRY=00h-0FFhx32 \
  -ACOMMON=070h-07Fh -ABANK0=020h-06Fh -ABANK1=0A0h-0EFh \
  -ABANK2=0110h-016Fh -ABANK3=0190h-01EFh \
  -ARAM=020h-06Fh,0A0h-0EFh,0110h-016Fh,0190h-01EFh \
  -AABS1=020h-07Fh,0A0h-0EFh,0110h-016Fh,0190h-01EFh -ASFR0=00h-01Fh \
  -ASFR1=080h-09Fh -ASFR2=0100h-010Fh -ASFR3=0180h-018Fh \
  -ACONFIG=02007h-02008h -DCONFIG=2 -AIDLOC=02000h-02003h -DIDLOC=2 \
  -AEEDATA=00h-0FFh/02100h -peeprom_data=EEDATA -DEEDATA=2 -DCODE=2 \
  -DSTRCODE=2 -DSTRING=2 -DCONST=2 -DENTRY=2 \
  -preset_vec=00h,intentry=04h,init,end_init -ppowerup=CODE -pcinit=CODE \
  -pfunctab=ENTRY -k \
  C:\Users\wesse\AppData\Local\Temp\xcAs2oc.\driver_tmp_12.o \
  dist/default/production\W4_-_Pot___Rotary_-_kopie.production.o 

Object code version is 3.11

Machine type is 16F887



                Name                               Link     Load   Length Selector   Space Scale
C:\Users\wesse\AppData\Local\Temp\xcAs2oc.\driver_tmp_12.o
                end_init                             10       10        3        8       0
                reset_vec                             0        0        3        0       0
                config                             2007     2007        2        0       4
dist/default/production\W4_-_Pot___Rotary_-_kopie.production.o
                cinit                                13       13       1C        8       0
                intentry                              4        4        C        8       0
                config                             2007     2007        2        0       4
                text12                              20D      20D       46        8       0
                text11                              2F7      2F7       30        8       0
                text10                              253      253       39        8       0
                text9                               375      375       12        8       0
                text8                               28C      28C       38        8       0
                text7                               2C4      2C4       33        8       0
                text6                                D0       D0       78        8       0
                text5                               148      148       69        8       0
                text4                               327      327       27        8       0
                text3                               1B1      1B1       5C        8       0
                text2                               34E      34E       14        8       0
                text1                                2F       2F       A1        8       0
                maintext                            397      397        D        8       0
                cstackBANK0                          20       20       23       20       1
                cstackCOMMON                         70       70        C       70       1
                inittext                            362      362       13        8       0
                dataBANK0                            43       43       10       20       1
                bssBANK0                             53       53        8       20       1
                bssCOMMON                            7C       7C        2       70       1
                idataBANK0                          387      387       10        8       0

TOTAL           Name                               Link     Load   Length     Space
        CLASS   CODE           
                end_init                             10       10        3         0
                cinit                                13       13       1C         0
                intentry                              4        4        C         0
                reset_vec                             0        0        3         0
                text12                              20D      20D       46         0
                text11                              2F7      2F7       30         0
                text10                              253      253       39         0
                text9                               375      375       12         0
                text8                               28C      28C       38         0
                text7                               2C4      2C4       33         0
                text6                                D0       D0       78         0
                text5                               148      148       69         0
                text4                               327      327       27         0
                text3                               1B1      1B1       5C         0
                text2                               34E      34E       14         0
                text1                                2F       2F       A1         0
                maintext                            397      397        D         0
                inittext                            362      362       13         0
                idataBANK0                          387      387       10         0

        CLASS   STRCODE        

        CLASS   STRING         

        CLASS   CONST          

        CLASS   ENTRY          

        CLASS   COMMON         
                cstackCOMMON                         70       70        C         1
                bssCOMMON                            7C       7C        2         1

        CLASS   BANK0          
                cstackBANK0                          20       20       23         1
                dataBANK0                            43       43       10         1
                bssBANK0                             53       53        8         1

        CLASS   BANK1          

        CLASS   BANK2          

        CLASS   BANK3          

        CLASS   RAM            

        CLASS   ABS1           
                abs_s1                               7E       7E        2         1

        CLASS   SFR0           

        CLASS   SFR1           

        CLASS   SFR2           

        CLASS   SFR3           

        CLASS   CONFIG         
                config                             2007     2007        2         4

        CLASS   IDLOC          

        CLASS   EEDATA         

        CLASS   HEAP           

        CLASS   STACK          



SEGMENTS        Name                           Load    Length   Top    Selector   Space  Class     Delta

                reset_vec                      000000  000003  000003         0       0  CODE        2
                intentry                       000004  0003A0  0003A4         8       0  CODE        2
                cstackBANK0                    000020  00003B  00005B        20       1  BANK0       1
                cstackCOMMON                   000070  00000E  00007E        70       1  COMMON      1


UNUSED ADDRESS RANGES

        Name                Unused          Largest block    Delta
        BANK0            005B-006F             15           1
        BANK1            00A0-00EF             50           1
        BANK2            0110-016F             60           1
        BANK3            0190-01EF             60           1
        CODE             0003-0003              1           2
                         03A4-1FFF            800
        CONST            0003-0003              1           2
                         03A4-1FFF            100
        EEDATA           2100-21FF            100           2
        ENTRY            0003-0003              1           2
                         03A4-1FFF            100
        IDLOC            2000-2003              4           2
        RAM              005B-006F             15           1
                         00A0-00EF             50
                         0110-016F             60
                         0190-01EF             60
        SFR0             0000-001F             20           1
        SFR1             0080-009F             20           1
        SFR2             0100-010F             10           1
        SFR3             0180-018F             10           1
        STRCODE          0003-0003              1           2
                         03A4-1FFF           1C5C
        STRING           0003-0003              1           2
                         03A4-1FFF            100

                                  Symbol Table

?___awdiv                    cstackBANK0  0020
?___wmul                     cstackBANK0  0020
?_read_potentiometer         cstackBANK0  0020
_ADCON0bits                  (abs)        001F
_ADCON1bits                  (abs)        009F
_ADRESH                      (abs)        001E
_ADRESL                      (abs)        009E
_ANSEL                       (abs)        0188
_ANSELH                      (abs)        0189
_ANSELbits                   (abs)        0188
_GO                          (abs)        00F9
_INTCONbits                  (abs)        000B
_IOCBbits                    (abs)        0096
_OPTION_REGbits              (abs)        0081
_OSCCONbits                  (abs)        008F
_PORTA                       (abs)        0005
_PORTB                       (abs)        0006
_PORTBbits                   (abs)        0006
_TRISA                       (abs)        0085
_TRISBbits                   (abs)        0086
_TRISEbits                   (abs)        0089
__H__absolute__              __absolute__ 0000
__Habs1                      abs1         0000
__Hbank0                     bank0        0000
__Hbank1                     bank1        0000
__Hbank2                     bank2        0000
__Hbank3                     bank3        0000
__HbssBANK0                  bssBANK0     0000
__HbssCOMMON                 bssCOMMON    0000
__Hcinit                     cinit        002F
__Hclrtext                   clrtext      0000
__Hcode                      code         0000
__Hcommon                    common       0000
__Hconfig                    config       2009
__HcstackBANK0               cstackBANK0  0000
__HcstackCOMMON              cstackCOMMON 0000
__HdataBANK0                 dataBANK0    0000
__Heeprom_data               eeprom_data  0000
__Hend_init                  end_init     0013
__Hfunctab                   functab      0000
__Hheap                      heap         0000
__HidataBANK0                idataBANK0   0000
__Hinit                      init         0010
__Hinittext                  inittext     0000
__Hintentry                  intentry     0010
__Hmaintext                  maintext     0000
__Hpowerup                   powerup      0000
__Hram                       ram          0000
__Hreset_vec                 reset_vec    0003
__Hsfr0                      sfr0         0000
__Hsfr1                      sfr1         0000
__Hsfr2                      sfr2         0000
__Hsfr3                      sfr3         0000
__Hspace_0                   (abs)        03A4
__Hspace_1                   (abs)        007E
__Hspace_2                   (abs)        0000
__Hspace_3                   (abs)        0000
__Hspace_4                   (abs)        4010
__Hstack                     stack        0000
__Hstrings                   strings      0000
__Htext                      text         0000
__L__absolute__              __absolute__ 0000
__Labs1                      abs1         0000
__Lbank0                     bank0        0000
__Lbank1                     bank1        0000
__Lbank2                     bank2        0000
__Lbank3                     bank3        0000
__LbssBANK0                  bssBANK0     0000
__LbssCOMMON                 bssCOMMON    0000
__Lcinit                     cinit        0013
__Lclrtext                   clrtext      0000
__Lcode                      code         0000
__Lcommon                    common       0000
__Lconfig                    config       0000
__LcstackBANK0               cstackBANK0  0000
__LcstackCOMMON              cstackCOMMON 0000
__LdataBANK0                 dataBANK0    0000
__Leeprom_data               eeprom_data  0000
__Lend_init                  end_init     0010
__Lfunctab                   functab      0000
__Lheap                      heap         0000
__LidataBANK0                idataBANK0   0000
__Linit                      init         0010
__Linittext                  inittext     0000
__Lintentry                  intentry     0004
__Lmaintext                  maintext     0000
__Lpowerup                   powerup      0000
__Lram                       ram          0000
__Lreset_vec                 reset_vec    0000
__Lsfr0                      sfr0         0000
__Lsfr1                      sfr1         0000
__Lsfr2                      sfr2         0000
__Lsfr3                      sfr3         0000
__Lspace_0                   (abs)        0000
__Lspace_1                   (abs)        0000
__Lspace_2                   (abs)        0000
__Lspace_3                   (abs)        0000
__Lspace_4                   (abs)        0000
__Lstack                     stack        0000
__Lstrings                   strings      0000
__Ltext                      text         0000
__S0                         (abs)        03A4
__S1                         (abs)        007E
__S3                         (abs)        0000
___awdiv                     text5        0148
___awdiv@counter             cstackBANK0  0024
___awdiv@dividend            cstackBANK0  0022
___awdiv@divisor             cstackBANK0  0020
___awdiv@quotient            cstackBANK0  0026
___awdiv@sign                cstackBANK0  0025
___heap_hi                   (abs)        0000
___heap_lo                   (abs)        0000
___int_sp                    stack        0000
___int_stack_hi              stack        0000
___int_stack_lo              stack        0000
___latbits                   (abs)        0002
___sp                        stack        0000
___stack_hi                  stack        0000
___stack_lo                  stack        0000
___stackhi                   (abs)        0000
___stacklo                   (abs)        0000
___wmul                      text4        0327
___wmul@multiplicand         cstackBANK0  0022
___wmul@multiplier           cstackBANK0  0020
___wmul@product              cstackBANK0  0024
__end_of___awdiv             text5        01B1
__end_of___wmul              text4        034E
__end_of__initialization     cinit        002B
__end_of_init_adc            text10       028C
__end_of_init_gpio           text9        0387
__end_of_init_int            text8        02C4
__end_of_init_osc            text7        02F7
__end_of_isr                 text11       0327
__end_of_main                maintext     03A4
__end_of_parse_rotary        text12       0253
__end_of_pic_init            text6        0148
__end_of_pic_loop            text1        00D0
__end_of_populate_step_array text3        020D
__end_of_read_potentiometer  text2        0362
__initialization             cinit        0013
__pbssBANK0                  bssBANK0     0053
__pbssCOMMON                 bssCOMMON    007C
__pcstackBANK0               cstackBANK0  0020
__pcstackCOMMON              cstackCOMMON 0070
__pdataBANK0                 dataBANK0    0043
__pidataBANK0                idataBANK0   0387
__pintentry                  intentry     0004
__pmaintext                  maintext     0397
__ptext1                     text1        002F
__ptext10                    text10       0253
__ptext11                    text11       02F7
__ptext12                    text12       020D
__ptext2                     text2        034E
__ptext3                     text3        01B1
__ptext4                     text4        0327
__ptext5                     text5        0148
__ptext6                     text6        00D0
__ptext7                     text7        02C4
__ptext8                     text8        028C
__ptext9                     text9        0375
_count                       bssCOMMON    007D
_init_adc                    text10       0253
_init_gpio                   text9        0375
_init_int                    text8        028C
_init_osc                    text7        02C4
_isr                         text11       02F7
_main                        maintext     0397
_parse_rotary                text12       020D
_pic_init                    text6        00D0
_pic_loop                    text1        002F
_populate_step_array         text3        01B1
_read_potentiometer          text2        034E
btemp                        (abs)        007E
end_of_initialization        cinit        002B
init_adc@config              cstackBANK0  0020
init_fetch0                  inittext     0362
init_int@config              cstackBANK0  0020
init_osc@config              cstackBANK0  0020
init_ram0                    inittext     0366
interrupt_function           intentry     0004
intlevel0                    functab      0000
intlevel1                    functab      0000
intlevel2                    functab      0000
intlevel3                    functab      0000
intlevel4                    functab      0000
intlevel5                    functab      0000
parse_rotary@counter         cstackCOMMON 0071
parse_rotary@max             cstackCOMMON 0072
parse_rotary@min             cstackCOMMON 0073
parse_rotary@pinA            cstackCOMMON 0075
parse_rotary@pinB            cstackCOMMON 0070
parse_rotary@prevState       bssCOMMON    007C
parse_rotary@state           cstackCOMMON 0076
pic_init@F1593               dataBANK0    0043
pic_init@F1595               dataBANK0    0050
pic_init@F1597               dataBANK0    004A
pic_init@adc_config          cstackBANK0  002C
pic_init@int_config          cstackBANK0  0033
pic_init@osc_config          cstackBANK0  0039
pic_loop@i                   cstackBANK0  0041
pic_loop@result              cstackBANK0  003F
pic_loop@stepArray           cstackBANK0  0037
populate_step_array@array    cstackBANK0  0030
populate_step_array@i        cstackBANK0  002E
populate_step_array@potLimit cstackBANK0  002A
populate_step_array@size     cstackBANK0  0028
read_potentiometer@result    cstackBANK0  0022
reset_vec                    reset_vec    0000
saved_w                      (abs)        007E
start                        init         0010
start_initialization         cinit        0013
wtemp0                       (abs)        007E


MODULE INFORMATION

Module		Function		Class		Link	Load	Size
C:\Program Files\Microchip\xc8\v2.45\pic\sources\c99\common\Umul16.c
		___wmul        		CODE           	0327	0000	39

C:\Program Files\Microchip\xc8\v2.45\pic\sources\c99\common\Umul16.c estimated size: 39

src/initialisation.c
		_init_int      		CODE           	028C	0000	56
		_init_adc      		CODE           	0253	0000	57
		_init_osc      		CODE           	02C4	0000	51

src/initialisation.c estimated size: 164

src/main.c
		_pic_loop      		CODE           	002F	0000	161
		_pic_init      		CODE           	00D0	0000	120
		_main          		CODE           	0397	0000	13
		_isr           		CODE           	02F7	0000	48
		_init_gpio     		CODE           	0375	0000	18

src/main.c estimated size: 360

src/potentiometer.c
		_read_potentiometer		CODE           	034E	0000	20
		_populate_step_array		CODE           	01B1	0000	92

src/potentiometer.c estimated size: 112

src/rotary_encoder.c
		_parse_rotary  		CODE           	020D	0000	70

src/rotary_encoder.c estimated size: 70

shared
		__initialization		CODE           	0013	0000	24

shared estimated size: 24

C:\Program Files\Microchip\xc8\v2.45\pic\sources\c99\common\awdiv.c
		___awdiv       		CODE           	0148	0000	105

C:\Program Files\Microchip\xc8\v2.45\pic\sources\c99\common\awdiv.c estimated size: 105

