Microchip MPLAB XC8 Compiler V2.45

Linker command line:

-W-3 \
  --edf=C:\Program Files\Microchip\xc8\v2.45\pic\dat\20230818022343_en.msgs \
  -cn -h+dist/default/production\W4_-_Pot___Rotary_-_kopie.production.sym \
  --cmf=dist/default/production\W4_-_Pot___Rotary_-_kopie.production.cmf -z \
  -Q16F887 -oC:\Users\wesse\AppData\Local\Temp\xcAs8no.\driver_tmp_3.o \
  --defsym=__MPLAB_BUILD=1 --fixupoverflow=error \
  -Mdist/default/production/W4_-_Pot___Rotary_-_kopie.production.map \
  --md=C:\Users\wesse\AppData\Local\Temp\xcAs8no.\driver_tmp_0.dat -E1 \
  -ver=XC8 Compiler --acfsm=1493 -ACODE=00h-07FFhx4 -ASTRCODE=00h-01FFFh \
  -ASTRING=00h-0FFhx32 -ACONST=00h-0FFhx32 -AENTRY=00h-0FFhx32 \
  -ACOMMON=070h-07Fh -ABANK0=020h-06Fh -ABANK1=0A0h-0EFh \
  -ABANK2=0110h-016Fh -ABANK3=0190h-01EFh \
  -ARAM=020h-06Fh,0A0h-0EFh,0110h-016Fh,0190h-01EFh \
  -AABS1=020h-07Fh,0A0h-0EFh,0110h-016Fh,0190h-01EFh -ASFR0=00h-01Fh \
  -ASFR1=080h-09Fh -ASFR2=0100h-010Fh -ASFR3=0180h-018Fh \
  -ACONFIG=02007h-02008h -DCONFIG=2 -AIDLOC=02000h-02003h -DIDLOC=2 \
  -AEEDATA=00h-0FFh/02100h -peeprom_data=EEDATA -DEEDATA=2 -DCODE=2 \
  -DSTRCODE=2 -DSTRING=2 -DCONST=2 -DENTRY=2 \
  -preset_vec=00h,intentry=04h,init,end_init -ppowerup=CODE -pcinit=CODE \
  -pfunctab=ENTRY -k \
  C:\Users\wesse\AppData\Local\Temp\xcAs8no.\driver_tmp_12.o \
  dist/default/production\W4_-_Pot___Rotary_-_kopie.production.o 

Object code version is 3.11

Machine type is 16F887



                Name                               Link     Load   Length Selector   Space Scale
C:\Users\wesse\AppData\Local\Temp\xcAs8no.\driver_tmp_12.o
                end_init                             10       10        3        8       0
                reset_vec                             0        0        3        0       0
                config                             2007     2007        2        0       4
dist/default/production\W4_-_Pot___Rotary_-_kopie.production.o
                cinit                                13       13       29        8       0
                intentry                              4        4        C        8       0
                config                             2007     2007        2        0       4
                text12                              22F      22F       46        8       0
                text11                              319      319       31        8       0
                text10                              275      275       39        8       0
                text9                               3B0      3B0       12        8       0
                text8                               2AE      2AE       38        8       0
                text7                               2E6      2E6       33        8       0
                text6                                DD       DD       8D        8       0
                text5                               16A      16A       69        8       0
                text4                               34A      34A       27        8       0
                text3                               1D3      1D3       5C        8       0
                text2                               389      389       14        8       0
                text1                                3C       3C       A1        8       0
                maintext                            3D2      3D2        D        8       0
                cstackBANK0                          20       20       34       20       1
                cstackCOMMON                         70       70        C       70       1
                inittext                            39D      39D       13        8       0
                dataBANK1                            A0       A0       18       A0       1
                dataBANK0                            54       54       10       20       1
                bssBANK0                             64       64        8       20       1
                bssCOMMON                            7C       7C        2       70       1
                idataBANK1                          371      371       18        8       0
                idataBANK0                          3C2      3C2       10        8       0

TOTAL           Name                               Link     Load   Length     Space
        CLASS   CODE           
                end_init                             10       10        3         0
                cinit                                13       13       29         0
                intentry                              4        4        C         0
                reset_vec                             0        0        3         0
                text12                              22F      22F       46         0
                text11                              319      319       31         0
                text10                              275      275       39         0
                text9                               3B0      3B0       12         0
                text8                               2AE      2AE       38         0
                text7                               2E6      2E6       33         0
                text6                                DD       DD       8D         0
                text5                               16A      16A       69         0
                text4                               34A      34A       27         0
                text3                               1D3      1D3       5C         0
                text2                               389      389       14         0
                text1                                3C       3C       A1         0
                maintext                            3D2      3D2        D         0
                inittext                            39D      39D       13         0
                idataBANK1                          371      371       18         0
                idataBANK0                          3C2      3C2       10         0

        CLASS   STRCODE        

        CLASS   STRING         

        CLASS   CONST          

        CLASS   ENTRY          

        CLASS   COMMON         
                cstackCOMMON                         70       70        C         1
                bssCOMMON                            7C       7C        2         1

        CLASS   BANK0          
                cstackBANK0                          20       20       34         1
                dataBANK0                            54       54       10         1
                bssBANK0                             64       64        8         1

        CLASS   BANK1          
                dataBANK1                            A0       A0       18         1

        CLASS   BANK2          

        CLASS   BANK3          

        CLASS   RAM            

        CLASS   ABS1           
                abs_s1                               7E       7E        2         1

        CLASS   SFR0           

        CLASS   SFR1           

        CLASS   SFR2           

        CLASS   SFR3           

        CLASS   CONFIG         
                config                             2007     2007        2         4

        CLASS   IDLOC          

        CLASS   EEDATA         

        CLASS   HEAP           

        CLASS   STACK          



SEGMENTS        Name                           Load    Length   Top    Selector   Space  Class     Delta

                reset_vec                      000000  000003  000003         0       0  CODE        2
                intentry                       000004  0003DB  0003DF         8       0  CODE        2
                cstackBANK0                    000020  00004C  00006C        20       1  BANK0       1
                cstackCOMMON                   000070  00000E  00007E        70       1  COMMON      1
                dataBANK1                      0000A0  000018  0000B8        A0       1  BANK1       1


UNUSED ADDRESS RANGES

        Name                Unused          Largest block    Delta
        BANK0            006C-006F              4           1
        BANK1            00B8-00EF             38           1
        BANK2            0110-016F             60           1
        BANK3            0190-01EF             60           1
        CODE             0003-0003              1           2
                         03DF-1FFF            800
        CONST            0003-0003              1           2
                         03DF-1FFF            100
        EEDATA           2100-21FF            100           2
        ENTRY            0003-0003              1           2
                         03DF-1FFF            100
        IDLOC            2000-2003              4           2
        RAM              006C-006F              4           1
                         00B8-00EF             38
                         0110-016F             60
                         0190-01EF             60
        SFR0             0000-001F             20           1
        SFR1             0080-009F             20           1
        SFR2             0100-010F             10           1
        SFR3             0180-018F             10           1
        STRCODE          0003-0003              1           2
                         03DF-1FFF           1C21
        STRING           0003-0003              1           2
                         03DF-1FFF            100

                                  Symbol Table

?___awdiv                    cstackBANK0  0020
?___wmul                     cstackBANK0  0020
?_read_potentiometer         cstackBANK0  0020
_ADCON0bits                  (abs)        001F
_ADCON1bits                  (abs)        009F
_ADRESH                      (abs)        001E
_ADRESL                      (abs)        009E
_ANSEL                       (abs)        0188
_ANSELH                      (abs)        0189
_ANSELbits                   (abs)        0188
_GO                          (abs)        00F9
_INTCONbits                  (abs)        000B
_IOCBbits                    (abs)        0096
_OPTION_REGbits              (abs)        0081
_OSCCONbits                  (abs)        008F
_PORTA                       (abs)        0005
_PORTB                       (abs)        0006
_PORTBbits                   (abs)        0006
_TRISA                       (abs)        0085
_TRISBbits                   (abs)        0086
_TRISEbits                   (abs)        0089
__H__absolute__              __absolute__ 0000
__Habs1                      abs1         0000
__Hbank0                     bank0        0000
__Hbank1                     bank1        0000
__Hbank2                     bank2        0000
__Hbank3                     bank3        0000
__HbssBANK0                  bssBANK0     0000
__HbssCOMMON                 bssCOMMON    0000
__Hcinit                     cinit        003C
__Hclrtext                   clrtext      0000
__Hcode                      code         0000
__Hcommon                    common       0000
__Hconfig                    config       2009
__HcstackBANK0               cstackBANK0  0000
__HcstackCOMMON              cstackCOMMON 0000
__HdataBANK0                 dataBANK0    0000
__HdataBANK1                 dataBANK1    0000
__Heeprom_data               eeprom_data  0000
__Hend_init                  end_init     0013
__Hfunctab                   functab      0000
__Hheap                      heap         0000
__HidataBANK0                idataBANK0   0000
__HidataBANK1                idataBANK1   0000
__Hinit                      init         0010
__Hinittext                  inittext     0000
__Hintentry                  intentry     0010
__Hmaintext                  maintext     0000
__Hpowerup                   powerup      0000
__Hram                       ram          0000
__Hreset_vec                 reset_vec    0003
__Hsfr0                      sfr0         0000
__Hsfr1                      sfr1         0000
__Hsfr2                      sfr2         0000
__Hsfr3                      sfr3         0000
__Hspace_0                   (abs)        03DF
__Hspace_1                   (abs)        00B8
__Hspace_2                   (abs)        0000
__Hspace_3                   (abs)        0000
__Hspace_4                   (abs)        4010
__Hstack                     stack        0000
__Hstrings                   strings      0000
__Htext                      text         0000
__L__absolute__              __absolute__ 0000
__Labs1                      abs1         0000
__Lbank0                     bank0        0000
__Lbank1                     bank1        0000
__Lbank2                     bank2        0000
__Lbank3                     bank3        0000
__LbssBANK0                  bssBANK0     0000
__LbssCOMMON                 bssCOMMON    0000
__Lcinit                     cinit        0013
__Lclrtext                   clrtext      0000
__Lcode                      code         0000
__Lcommon                    common       0000
__Lconfig                    config       0000
__LcstackBANK0               cstackBANK0  0000
__LcstackCOMMON              cstackCOMMON 0000
__LdataBANK0                 dataBANK0    0000
__LdataBANK1                 dataBANK1    0000
__Leeprom_data               eeprom_data  0000
__Lend_init                  end_init     0010
__Lfunctab                   functab      0000
__Lheap                      heap         0000
__LidataBANK0                idataBANK0   0000
__LidataBANK1                idataBANK1   0000
__Linit                      init         0010
__Linittext                  inittext     0000
__Lintentry                  intentry     0004
__Lmaintext                  maintext     0000
__Lpowerup                   powerup      0000
__Lram                       ram          0000
__Lreset_vec                 reset_vec    0000
__Lsfr0                      sfr0         0000
__Lsfr1                      sfr1         0000
__Lsfr2                      sfr2         0000
__Lsfr3                      sfr3         0000
__Lspace_0                   (abs)        0000
__Lspace_1                   (abs)        0000
__Lspace_2                   (abs)        0000
__Lspace_3                   (abs)        0000
__Lspace_4                   (abs)        0000
__Lstack                     stack        0000
__Lstrings                   strings      0000
__Ltext                      text         0000
__S0                         (abs)        03DF
__S1                         (abs)        00B8
__S3                         (abs)        0000
___awdiv                     text5        016A
___awdiv@counter             cstackBANK0  0024
___awdiv@dividend            cstackBANK0  0022
___awdiv@divisor             cstackBANK0  0020
___awdiv@quotient            cstackBANK0  0026
___awdiv@sign                cstackBANK0  0025
___heap_hi                   (abs)        0000
___heap_lo                   (abs)        0000
___int_sp                    stack        0000
___int_stack_hi              stack        0000
___int_stack_lo              stack        0000
___latbits                   (abs)        0002
___sp                        stack        0000
___stack_hi                  stack        0000
___stack_lo                  stack        0000
___stackhi                   (abs)        0000
___stacklo                   (abs)        0000
___wmul                      text4        034A
___wmul@multiplicand         cstackBANK0  0022
___wmul@multiplier           cstackBANK0  0020
___wmul@product              cstackBANK0  0024
__end_of___awdiv             text5        01D3
__end_of___wmul              text4        0371
__end_of__initialization     cinit        0038
__end_of_init_adc            text10       02AE
__end_of_init_gpio           text9        03C2
__end_of_init_int            text8        02E6
__end_of_init_osc            text7        0319
__end_of_isr                 text11       034A
__end_of_main                maintext     03DF
__end_of_parse_rotary        text12       0275
__end_of_pic_init            text6        016A
__end_of_pic_loop            text1        00DD
__end_of_populate_step_array text3        022F
__end_of_read_potentiometer  text2        039D
__initialization             cinit        0013
__pbssBANK0                  bssBANK0     0064
__pbssCOMMON                 bssCOMMON    007C
__pcstackBANK0               cstackBANK0  0020
__pcstackCOMMON              cstackCOMMON 0070
__pdataBANK0                 dataBANK0    0054
__pdataBANK1                 dataBANK1    00A0
__pidataBANK0                idataBANK0   03C2
__pidataBANK1                idataBANK1   0371
__pintentry                  intentry     0004
__pmaintext                  maintext     03D2
__ptext1                     text1        003C
__ptext10                    text10       0275
__ptext11                    text11       0319
__ptext12                    text12       022F
__ptext2                     text2        0389
__ptext3                     text3        01D3
__ptext4                     text4        034A
__ptext5                     text5        016A
__ptext6                     text6        00DD
__ptext7                     text7        02E6
__ptext8                     text8        02AE
__ptext9                     text9        03B0
_count                       bssCOMMON    007D
_init_adc                    text10       0275
_init_gpio                   text9        03B0
_init_int                    text8        02AE
_init_osc                    text7        02E6
_isr                         text11       0319
_main                        maintext     03D2
_parse_rotary                text12       022F
_pic_init                    text6        00DD
_pic_loop                    text1        003C
_populate_step_array         text3        01D3
_read_potentiometer          text2        0389
btemp                        (abs)        007E
end_of_initialization        cinit        0038
init_adc@config              cstackBANK0  0020
init_fetch0                  inittext     039D
init_int@config              cstackBANK0  0020
init_osc@config              cstackBANK0  0020
init_ram0                    inittext     03A1
interrupt_function           intentry     0004
intlevel0                    functab      0000
intlevel1                    functab      0000
intlevel2                    functab      0000
intlevel3                    functab      0000
intlevel4                    functab      0000
intlevel5                    functab      0000
parse_rotary@counter         cstackCOMMON 0071
parse_rotary@max             cstackCOMMON 0072
parse_rotary@min             cstackCOMMON 0073
parse_rotary@pinA            cstackCOMMON 0075
parse_rotary@pinB            cstackCOMMON 0070
parse_rotary@prevState       bssCOMMON    007C
parse_rotary@state           cstackCOMMON 0076
pic_init@F1593               dataBANK0    0054
pic_init@F1595               dataBANK0    0061
pic_init@F1597               dataBANK0    005B
pic_init@F1599               dataBANK1    00A0
pic_init@adc_config          cstackBANK0  0044
pic_init@int_config          cstackBANK0  004B
pic_init@osc_config          cstackBANK0  0051
pic_init@pin_config          cstackBANK0  002C
pic_loop@i                   cstackBANK0  0041
pic_loop@result              cstackBANK0  003F
pic_loop@stepArray           cstackBANK0  0037
populate_step_array@array    cstackBANK0  0030
populate_step_array@i        cstackBANK0  002E
populate_step_array@potLimit cstackBANK0  002A
populate_step_array@size     cstackBANK0  0028
read_potentiometer@result    cstackBANK0  0022
reset_vec                    reset_vec    0000
saved_w                      (abs)        007E
start                        init         0010
start_initialization         cinit        0013
wtemp0                       (abs)        007E


MODULE INFORMATION

Module		Function		Class		Link	Load	Size
C:\Program Files\Microchip\xc8\v2.45\pic\sources\c99\common\Umul16.c
		___wmul        		CODE           	034A	0000	39

C:\Program Files\Microchip\xc8\v2.45\pic\sources\c99\common\Umul16.c estimated size: 39

src/initialisation.c
		_init_int      		CODE           	02AE	0000	56
		_init_adc      		CODE           	0275	0000	57
		_init_osc      		CODE           	02E6	0000	51

src/initialisation.c estimated size: 164

src/main.c
		_pic_loop      		CODE           	003C	0000	161
		_pic_init      		CODE           	00DD	0000	141
		_main          		CODE           	03D2	0000	13
		_isr           		CODE           	0319	0000	49
		_init_gpio     		CODE           	03B0	0000	18

src/main.c estimated size: 382

src/potentiometer.c
		_read_potentiometer		CODE           	0389	0000	20
		_populate_step_array		CODE           	01D3	0000	92

src/potentiometer.c estimated size: 112

src/rotary_encoder.c
		_parse_rotary  		CODE           	022F	0000	70

src/rotary_encoder.c estimated size: 70

shared
		__initialization		CODE           	0013	0000	37

shared estimated size: 37

C:\Program Files\Microchip\xc8\v2.45\pic\sources\c99\common\awdiv.c
		___awdiv       		CODE           	016A	0000	105

C:\Program Files\Microchip\xc8\v2.45\pic\sources\c99\common\awdiv.c estimated size: 105

